npm warn Unknown project config "auto-install-peers". This will stop working in the next major version of npm.
npm warn Unknown project config "strict-peer-dependencies". This will stop working in the next major version of npm.

Running 135 tests using 1 worker

[1/135] [desktop] › tests/e2e/controls.spec.ts:9:7 › control coverage › dashboard: search, filters, create/duplicate/rename/archive/delete, empty state
[2/135] [desktop] › tests/e2e/controls.spec.ts:91:7 › control coverage › new project validation keeps valid fields and explains upload rejection
[3/135] [desktop] › tests/e2e/controls.spec.ts:119:7 › control coverage › workflow canvas: Flows-style node, footer settings, menu, palette, context menu, connection rules, undo/redo
[4/135] [desktop] › tests/e2e/controls.spec.ts:196:7 › control coverage › composer performs meaningful actions and explains unsupported ones
[5/135] [desktop] › tests/e2e/controls.spec.ts:226:7 › control coverage › studio controls visibly change the scene; typing stays responsive while a run streams
[6/135] [desktop] › tests/e2e/controls.spec.ts:264:7 › control coverage › outputs: acceptance, download reference image, open in studio, library filters and detail
[7/135] [desktop] › tests/e2e/controls.spec.ts:291:7 › control coverage › settings: profile, workspace, notifications, members/invitations, roles
[8/135] [desktop] › tests/e2e/controls.spec.ts:328:7 › control coverage › notifications panel, scenario page, double-click safety on run start
[9/135] [desktop] › tests/e2e/controls.spec.ts:349:7 › control coverage › flaky reads retry; timeout on mutation does not duplicate
[10/135] [desktop] › tests/e2e/journeys.spec.ts:17:7 › journeys › J1 homepage → template → demo signup → project from that template
[11/135] [desktop] › tests/e2e/journeys.spec.ts:40:7 › journeys › J2 upload reference → brief → run → inspect 3D output
[12/135] [desktop] › tests/e2e/journeys.spec.ts:71:7 › journeys › J3 edit scene/ad → undo/redo → play/scrub → aspect → save/reload
[13/135] [desktop] › tests/e2e/journeys.spec.ts:111:7 › journeys › J4 start run → navigate away → return → status recovered, no duplicate run
[14/135] [desktop] › tests/e2e/journeys.spec.ts:132:7 › journeys › J5 cancel → retry → prior artifacts kept, late events ignored
[15/135] [desktop] › tests/e2e/journeys.spec.ts:168:7 › journeys › J5b failure scenario: failed step, retained outputs, retry only failed step
[16/135] [desktop] › tests/e2e/journeys.spec.ts:185:7 › journeys › J6 versions → choose → export → download and validate PNG/JSON/MP4
[17/135] [desktop] › tests/e2e/journeys.spec.ts:233:7 › journeys › J6b WebM browser recording is a real recording
[18/135] [desktop] › tests/e2e/journeys.spec.ts:249:7 › journeys › J7 pricing → sign-in → checkout outcomes → entitlement and return destination
[19/135] [desktop] › tests/e2e/journeys.spec.ts:297:7 › journeys › J8 sign out → sign in as another user → no leakage
[20/135] [desktop] › tests/e2e/journeys.spec.ts:328:7 › journeys › J9a keyboard-only: sign in, open project, list view, run, inspector
[21/135] [desktop] › tests/e2e/journeys.spec.ts:354:7 › journeys › J9b reduced motion, offline recovery, expired session, denied role, missing artifact
[22/135] [desktop] › tests/e2e/journeys.spec.ts:392:7 › journeys › J9c unsupported WebGL shows a usable fallback
[23/135] [desktop] › tests/e2e/public.spec.ts:4:7 › public site › homepage ships useful HTML, working links, no app code
[24/135] [desktop] › tests/e2e/public.spec.ts:29:7 › public site › 3D demo loads on intent and renders frames
[25/135] [desktop] › tests/e2e/public.spec.ts:45:7 › public site › templates gallery search/filter and detail deep link
[26/135] [desktop] › tests/e2e/public.spec.ts:63:7 › public site › pricing interval toggle updates prices and plan links
[27/135] [desktop] › tests/e2e/public.spec.ts:76:7 › public site › help articles, legal drafts and 404 status
[28/135] [desktop] › tests/e2e/public.spec.ts:92:7 › public site › mobile menu opens by click and keyboard, closes on Escape
[29/135] [desktop] › tests/e2e/screenshots.spec.ts:12:5 › screenshots across widths and states
[30/135] [desktop] › tests/e2e/viewports.spec.ts:50:7 › public pages fit phone-portrait (390×844)
[31/135] [desktop] › tests/e2e/viewports.spec.ts:64:7 › app screens fit phone-portrait (390×844)
[32/135] [desktop] › tests/e2e/viewports.spec.ts:50:7 › public pages fit phone-landscape (844×390)
[33/135] [desktop] › tests/e2e/viewports.spec.ts:64:7 › app screens fit phone-landscape (844×390)
[34/135] [desktop] › tests/e2e/viewports.spec.ts:50:7 › public pages fit small-phone (320×568)
[35/135] [desktop] › tests/e2e/viewports.spec.ts:64:7 › app screens fit small-phone (320×568)
[36/135] [desktop] › tests/e2e/viewports.spec.ts:50:7 › public pages fit tablet-portrait (768×1024)
[37/135] [desktop] › tests/e2e/viewports.spec.ts:64:7 › app screens fit tablet-portrait (768×1024)
[38/135] [desktop] › tests/e2e/viewports.spec.ts:50:7 › public pages fit tablet-landscape (1024×768)
[39/135] [desktop] › tests/e2e/viewports.spec.ts:64:7 › app screens fit tablet-landscape (1024×768)
[40/135] [desktop] › tests/e2e/viewports.spec.ts:50:7 › public pages fit laptop (1280×800)
[41/135] [desktop] › tests/e2e/viewports.spec.ts:64:7 › app screens fit laptop (1280×800)
[42/135] [desktop] › tests/e2e/viewports.spec.ts:50:7 › public pages fit wide (1600×1000)
[43/135] [desktop] › tests/e2e/viewports.spec.ts:64:7 › app screens fit wide (1600×1000)
[44/135] [a11y] › tests/e2e/a11y.spec.ts:17:7 › axe: /
[45/135] [a11y] › tests/e2e/a11y.spec.ts:17:7 › axe: /product
[46/135] [a11y] › tests/e2e/a11y.spec.ts:17:7 › axe: /templates
[47/135] [a11y] › tests/e2e/a11y.spec.ts:17:7 › axe: /templates/turntable-hero-skincare
[48/135] [a11y] › tests/e2e/a11y.spec.ts:17:7 › axe: /pricing
[49/135] [a11y] › tests/e2e/a11y.spec.ts:17:7 › axe: /help
[50/135] [a11y] › tests/e2e/a11y.spec.ts:17:7 › axe: /help/quickstart
[51/135] [a11y] › tests/e2e/a11y.spec.ts:17:7 › axe: /legal/privacy
[52/135] [a11y] › tests/e2e/a11y.spec.ts:17:7 › axe: /nope
[53/135] [a11y] › tests/e2e/a11y.spec.ts:28:5 › axe: app screens
[54/135] [a11y] › tests/e2e/a11y.spec.ts:63:5 › focus is visible and dialogs trap/restore focus
[55/135] [mobile] › tests/e2e/mobile.spec.ts:3:5 › mobile: step/list workflow, studio stacked, no horizontal scroll
[56/135] [viewports-chromium] › tests/e2e/viewports.spec.ts:50:7 › public pages fit phone-portrait (390×844)
[57/135] [viewports-chromium] › tests/e2e/viewports.spec.ts:64:7 › app screens fit phone-portrait (390×844)
[58/135] [viewports-chromium] › tests/e2e/viewports.spec.ts:50:7 › public pages fit phone-landscape (844×390)
[59/135] [viewports-chromium] › tests/e2e/viewports.spec.ts:64:7 › app screens fit phone-landscape (844×390)
[60/135] [viewports-chromium] › tests/e2e/viewports.spec.ts:50:7 › public pages fit small-phone (320×568)
[61/135] [viewports-chromium] › tests/e2e/viewports.spec.ts:64:7 › app screens fit small-phone (320×568)
[62/135] [viewports-chromium] › tests/e2e/viewports.spec.ts:50:7 › public pages fit tablet-portrait (768×1024)
[63/135] [viewports-chromium] › tests/e2e/viewports.spec.ts:64:7 › app screens fit tablet-portrait (768×1024)
[64/135] [viewports-chromium] › tests/e2e/viewports.spec.ts:50:7 › public pages fit tablet-landscape (1024×768)
[65/135] [viewports-chromium] › tests/e2e/viewports.spec.ts:64:7 › app screens fit tablet-landscape (1024×768)
[66/135] [viewports-chromium] › tests/e2e/viewports.spec.ts:50:7 › public pages fit laptop (1280×800)
[67/135] [viewports-chromium] › tests/e2e/viewports.spec.ts:64:7 › app screens fit laptop (1280×800)
[68/135] [viewports-chromium] › tests/e2e/viewports.spec.ts:50:7 › public pages fit wide (1600×1000)
[69/135] [viewports-chromium] › tests/e2e/viewports.spec.ts:64:7 › app screens fit wide (1600×1000)
[70/135] [viewports-webkit] › tests/e2e/viewports.spec.ts:50:7 › public pages fit phone-portrait (390×844)
[71/135] [viewports-webkit] › tests/e2e/viewports.spec.ts:64:7 › app screens fit phone-portrait (390×844)
[72/135] [viewports-webkit] › tests/e2e/viewports.spec.ts:50:7 › public pages fit phone-landscape (844×390)
[73/135] [viewports-webkit] › tests/e2e/viewports.spec.ts:64:7 › app screens fit phone-landscape (844×390)
[74/135] [viewports-webkit] › tests/e2e/viewports.spec.ts:50:7 › public pages fit small-phone (320×568)
[75/135] [viewports-webkit] › tests/e2e/viewports.spec.ts:64:7 › app screens fit small-phone (320×568)
[76/135] [viewports-webkit] › tests/e2e/viewports.spec.ts:50:7 › public pages fit tablet-portrait (768×1024)
[77/135] [viewports-webkit] › tests/e2e/viewports.spec.ts:64:7 › app screens fit tablet-portrait (768×1024)
[78/135] [viewports-webkit] › tests/e2e/viewports.spec.ts:50:7 › public pages fit tablet-landscape (1024×768)
[79/135] [viewports-webkit] › tests/e2e/viewports.spec.ts:64:7 › app screens fit tablet-landscape (1024×768)
[80/135] [viewports-webkit] › tests/e2e/viewports.spec.ts:50:7 › public pages fit laptop (1280×800)
[81/135] [viewports-webkit] › tests/e2e/viewports.spec.ts:64:7 › app screens fit laptop (1280×800)
[82/135] [viewports-webkit] › tests/e2e/viewports.spec.ts:50:7 › public pages fit wide (1600×1000)
[83/135] [viewports-webkit] › tests/e2e/viewports.spec.ts:64:7 › app screens fit wide (1600×1000)
[84/135] [viewports-firefox] › tests/e2e/viewports.spec.ts:50:7 › public pages fit phone-portrait (390×844)
[85/135] [viewports-firefox] › tests/e2e/viewports.spec.ts:64:7 › app screens fit phone-portrait (390×844)
[86/135] [viewports-firefox] › tests/e2e/viewports.spec.ts:50:7 › public pages fit phone-landscape (844×390)
[87/135] [viewports-firefox] › tests/e2e/viewports.spec.ts:64:7 › app screens fit phone-landscape (844×390)
[88/135] [viewports-firefox] › tests/e2e/viewports.spec.ts:50:7 › public pages fit small-phone (320×568)
[89/135] [viewports-firefox] › tests/e2e/viewports.spec.ts:64:7 › app screens fit small-phone (320×568)
[90/135] [viewports-firefox] › tests/e2e/viewports.spec.ts:50:7 › public pages fit tablet-portrait (768×1024)
[91/135] [viewports-firefox] › tests/e2e/viewports.spec.ts:64:7 › app screens fit tablet-portrait (768×1024)
[92/135] [viewports-firefox] › tests/e2e/viewports.spec.ts:50:7 › public pages fit tablet-landscape (1024×768)
[93/135] [viewports-firefox] › tests/e2e/viewports.spec.ts:64:7 › app screens fit tablet-landscape (1024×768)
[94/135] [viewports-firefox] › tests/e2e/viewports.spec.ts:50:7 › public pages fit laptop (1280×800)
[95/135] [viewports-firefox] › tests/e2e/viewports.spec.ts:64:7 › app screens fit laptop (1280×800)
[96/135] [viewports-firefox] › tests/e2e/viewports.spec.ts:50:7 › public pages fit wide (1600×1000)
[97/135] [viewports-firefox] › tests/e2e/viewports.spec.ts:64:7 › app screens fit wide (1600×1000)
[98/135] [journeys-webkit] › tests/e2e/journeys.spec.ts:17:7 › journeys › J1 homepage → template → demo signup → project from that template
[99/135] [journeys-webkit] › tests/e2e/journeys.spec.ts:40:7 › journeys › J2 upload reference → brief → run → inspect 3D output
[100/135] [journeys-webkit] › tests/e2e/journeys.spec.ts:71:7 › journeys › J3 edit scene/ad → undo/redo → play/scrub → aspect → save/reload
[101/135] [journeys-webkit] › tests/e2e/journeys.spec.ts:111:7 › journeys › J4 start run → navigate away → return → status recovered, no duplicate run
[102/135] [journeys-webkit] › tests/e2e/journeys.spec.ts:132:7 › journeys › J5 cancel → retry → prior artifacts kept, late events ignored
[103/135] [journeys-webkit] › tests/e2e/journeys.spec.ts:168:7 › journeys › J5b failure scenario: failed step, retained outputs, retry only failed step
[104/135] [journeys-webkit] › tests/e2e/journeys.spec.ts:185:7 › journeys › J6 versions → choose → export → download and validate PNG/JSON/MP4
[105/135] [journeys-webkit] › tests/e2e/journeys.spec.ts:233:7 › journeys › J6b WebM browser recording is a real recording
[106/135] [journeys-webkit] › tests/e2e/journeys.spec.ts:249:7 › journeys › J7 pricing → sign-in → checkout outcomes → entitlement and return destination
[107/135] [journeys-webkit] › tests/e2e/journeys.spec.ts:297:7 › journeys › J8 sign out → sign in as another user → no leakage
[108/135] [journeys-webkit] › tests/e2e/journeys.spec.ts:328:7 › journeys › J9a keyboard-only: sign in, open project, list view, run, inspector
[109/135] [journeys-webkit] › tests/e2e/journeys.spec.ts:354:7 › journeys › J9b reduced motion, offline recovery, expired session, denied role, missing artifact
[110/135] [journeys-webkit] › tests/e2e/journeys.spec.ts:392:7 › journeys › J9c unsupported WebGL shows a usable fallback
[111/135] [journeys-webkit] › tests/e2e/public.spec.ts:4:7 › public site › homepage ships useful HTML, working links, no app code
[112/135] [journeys-webkit] › tests/e2e/public.spec.ts:29:7 › public site › 3D demo loads on intent and renders frames
[113/135] [journeys-webkit] › tests/e2e/public.spec.ts:45:7 › public site › templates gallery search/filter and detail deep link
[114/135] [journeys-webkit] › tests/e2e/public.spec.ts:63:7 › public site › pricing interval toggle updates prices and plan links
[115/135] [journeys-webkit] › tests/e2e/public.spec.ts:76:7 › public site › help articles, legal drafts and 404 status
[116/135] [journeys-webkit] › tests/e2e/public.spec.ts:92:7 › public site › mobile menu opens by click and keyboard, closes on Escape
[117/135] [journeys-firefox] › tests/e2e/journeys.spec.ts:17:7 › journeys › J1 homepage → template → demo signup → project from that template
[118/135] [journeys-firefox] › tests/e2e/journeys.spec.ts:40:7 › journeys › J2 upload reference → brief → run → inspect 3D output
[119/135] [journeys-firefox] › tests/e2e/journeys.spec.ts:71:7 › journeys › J3 edit scene/ad → undo/redo → play/scrub → aspect → save/reload
[120/135] [journeys-firefox] › tests/e2e/journeys.spec.ts:111:7 › journeys › J4 start run → navigate away → return → status recovered, no duplicate run
[121/135] [journeys-firefox] › tests/e2e/journeys.spec.ts:132:7 › journeys › J5 cancel → retry → prior artifacts kept, late events ignored
  1) [journeys-firefox] › tests/e2e/journeys.spec.ts:132:7 › journeys › J5 cancel → retry → prior artifacts kept, late events ignored 

    Error: page.reload: NS_BINDING_ABORTED
    Call log:
      - waiting for navigation until "load"


      132 |   test('J5 cancel → retry → prior artifacts kept, late events ignored', async ({ page }) => {
      133 |     await page.evaluate(() => localStorage.setItem('3dads.latencyScale', '0.6'));
    > 134 |     await page.reload();
          |                ^
      135 |     await signIn(page, 'u_mai');
      136 |     await page.getByTestId('project-card').first().locator('a').first().click();
      137 |     await page.getByRole('tab', { name: 'Workflow' }).click();
        at /Users/nndang27/Documents/3Dads_Agent_OS/Production_system/3dads-platform/tests/e2e/journeys.spec.ts:134:16

    attachment #1: screenshot (image/png) ──────────────────────────────────────────────────────────
    test-results/artifacts/journeys-journeys-J5-cance-321cd-ts-kept-late-events-ignored-journeys-firefox/test-failed-1.png
    ────────────────────────────────────────────────────────────────────────────────────────────────

    Error Context: test-results/artifacts/journeys-journeys-J5-cance-321cd-ts-kept-late-events-ignored-journeys-firefox/error-context.md

    attachment #3: trace (application/zip) ─────────────────────────────────────────────────────────
    test-results/artifacts/journeys-journeys-J5-cance-321cd-ts-kept-late-events-ignored-journeys-firefox/trace.zip
    Usage:

        npx playwright show-trace test-results/artifacts/journeys-journeys-J5-cance-321cd-ts-kept-late-events-ignored-journeys-firefox/trace.zip

    ────────────────────────────────────────────────────────────────────────────────────────────────


[122/135] [journeys-firefox] › tests/e2e/journeys.spec.ts:168:7 › journeys › J5b failure scenario: failed step, retained outputs, retry only failed step
[123/135] [journeys-firefox] › tests/e2e/journeys.spec.ts:185:7 › journeys › J6 versions → choose → export → download and validate PNG/JSON/MP4
[124/135] [journeys-firefox] › tests/e2e/journeys.spec.ts:233:7 › journeys › J6b WebM browser recording is a real recording
[125/135] [journeys-firefox] › tests/e2e/journeys.spec.ts:249:7 › journeys › J7 pricing → sign-in → checkout outcomes → entitlement and return destination
[126/135] [journeys-firefox] › tests/e2e/journeys.spec.ts:297:7 › journeys › J8 sign out → sign in as another user → no leakage
[127/135] [journeys-firefox] › tests/e2e/journeys.spec.ts:328:7 › journeys › J9a keyboard-only: sign in, open project, list view, run, inspector
[128/135] [journeys-firefox] › tests/e2e/journeys.spec.ts:354:7 › journeys › J9b reduced motion, offline recovery, expired session, denied role, missing artifact
[129/135] [journeys-firefox] › tests/e2e/journeys.spec.ts:392:7 › journeys › J9c unsupported WebGL shows a usable fallback
[130/135] [journeys-firefox] › tests/e2e/public.spec.ts:4:7 › public site › homepage ships useful HTML, working links, no app code
[131/135] [journeys-firefox] › tests/e2e/public.spec.ts:29:7 › public site › 3D demo loads on intent and renders frames
[132/135] [journeys-firefox] › tests/e2e/public.spec.ts:45:7 › public site › templates gallery search/filter and detail deep link
[133/135] [journeys-firefox] › tests/e2e/public.spec.ts:63:7 › public site › pricing interval toggle updates prices and plan links
[134/135] [journeys-firefox] › tests/e2e/public.spec.ts:76:7 › public site › help articles, legal drafts and 404 status
[135/135] [journeys-firefox] › tests/e2e/public.spec.ts:92:7 › public site › mobile menu opens by click and keyboard, closes on Escape
  1 failed
    [journeys-firefox] › tests/e2e/journeys.spec.ts:132:7 › journeys › J5 cancel → retry → prior artifacts kept, late events ignored 
  134 passed (4.9m)
